2026-08-10 13:25:43,234 DEBUG    root            Loaded Command Group: ['gcloud', 'components']
2026-08-10 13:25:43,283 DEBUG    root            Loaded Command Group: ['gcloud', 'components', 'update']
2026-08-10 13:25:43,286 DEBUG    root            Running [gcloud.components.update] with arguments: [--quiet: "True", COMPONENT-IDS:8: "['gcloud', 'core', 'bq', 'gsutil', 'compute', 'preview', 'alpha', 'beta']"]
2026-08-10 13:25:43,287 DEBUG    root            Failed to read GCE cache file: [Errno 2] No such file or directory: '/content/.config/gce'
2026-08-10 13:26:00,863 DEBUG    root            Failed to check metadata server: <urlopen error timed out>
2026-08-10 13:26:00,865 INFO     ___FILE_ONLY___ Beginning update. This process may take several minutes.

2026-08-10 13:26:00,867 DEBUG    root            On GCE from memory cache: False
2026-08-10 13:26:00,870 DEBUG    root            On GCE from memory cache: False
2026-08-10 13:26:00,873 DEBUG    urllib3.connectionpool Starting new HTTPS connection (1): dl.google.com:443
2026-08-10 13:26:00,957 DEBUG    urllib3.connectionpool https://dl.google.com:443 "GET /dl/cloudsdk/channels/rapid/components-2.json HTTP/1.1" 200 28491
2026-08-10 13:26:00,977 WARNING  root            Component [compute] no longer exists.
2026-08-10 13:26:00,979 INFO     ___FILE_ONLY___ 

2026-08-10 13:26:00,980 INFO     ___FILE_ONLY___ 
Your current Google Cloud CLI version is: 579.0.0

2026-08-10 13:26:00,980 INFO     ___FILE_ONLY___ Installing components from version: 579.0.0

2026-08-10 13:26:00,980 INFO     ___FILE_ONLY___ 

2026-08-10 13:26:00,980 DEBUG    root            Chosen display Format:table[box,title="These components will be removed."](details.display_name:label=Name:align=left,version.version_string:label=Version:align=right,data.size.size(zero="",min=1048576):label=Size:align=right)
2026-08-10 13:26:00,981 DEBUG    root            Chosen display Format:table[box,title="These components will be updated."](details.display_name:label=Name:align=left,version.version_string:label=Version:align=right,data.size.size(zero="",min=1048576):label=Size:align=right)
2026-08-10 13:26:00,982 DEBUG    root            Chosen display Format:table[box,title="These components will be installed."](details.display_name:label=Name:align=left,version.version_string:label=Version:align=right,data.size.size(zero="",min=1048576):label=Size:align=right)
2026-08-10 13:26:01,012 INFO     ___FILE_ONLY___ ┌────────────────────────────────────────────────┐
2026-08-10 13:26:01,012 INFO     ___FILE_ONLY___ 

2026-08-10 13:26:01,012 INFO     ___FILE_ONLY___ │      These components will be installed.       │
2026-08-10 13:26:01,013 INFO     ___FILE_ONLY___ 

2026-08-10 13:26:01,013 INFO     ___FILE_ONLY___ ├─────────────────────────┬────────────┬─────────┤
2026-08-10 13:26:01,013 INFO     ___FILE_ONLY___ 

2026-08-10 13:26:01,013 INFO     ___FILE_ONLY___ │           Name          │  Version   │   Size  │
2026-08-10 13:26:01,013 INFO     ___FILE_ONLY___ 

2026-08-10 13:26:01,013 INFO     ___FILE_ONLY___ ├─────────────────────────┼────────────┼─────────┤
2026-08-10 13:26:01,013 INFO     ___FILE_ONLY___ 

2026-08-10 13:26:01,013 INFO     ___FILE_ONLY___ │ 
2026-08-10 13:26:01,013 INFO     ___FILE_ONLY___ gcloud Alpha Commands  
2026-08-10 13:26:01,013 INFO     ___FILE_ONLY___  
2026-08-10 13:26:01,014 INFO     ___FILE_ONLY___ │ 
2026-08-10 13:26:01,014 INFO     ___FILE_ONLY___ 2026.07.31
2026-08-10 13:26:01,014 INFO     ___FILE_ONLY___  
2026-08-10 13:26:01,014 INFO     ___FILE_ONLY___ │ 
2026-08-10 13:26:01,014 INFO     ___FILE_ONLY___ < 1 MiB
2026-08-10 13:26:01,014 INFO     ___FILE_ONLY___  
2026-08-10 13:26:01,014 INFO     ___FILE_ONLY___ │
2026-08-10 13:26:01,014 INFO     ___FILE_ONLY___ 

2026-08-10 13:26:01,014 INFO     ___FILE_ONLY___ │ 
2026-08-10 13:26:01,014 INFO     ___FILE_ONLY___ gcloud Beta Commands   
2026-08-10 13:26:01,014 INFO     ___FILE_ONLY___  
2026-08-10 13:26:01,015 INFO     ___FILE_ONLY___ │ 
2026-08-10 13:26:01,015 INFO     ___FILE_ONLY___ 2026.07.31
2026-08-10 13:26:01,015 INFO     ___FILE_ONLY___  
2026-08-10 13:26:01,015 INFO     ___FILE_ONLY___ │ 
2026-08-10 13:26:01,015 INFO     ___FILE_ONLY___ < 1 MiB
2026-08-10 13:26:01,016 INFO     ___FILE_ONLY___  
2026-08-10 13:26:01,016 INFO     ___FILE_ONLY___ │
2026-08-10 13:26:01,016 INFO     ___FILE_ONLY___ 

2026-08-10 13:26:01,016 INFO     ___FILE_ONLY___ │ 
2026-08-10 13:26:01,016 INFO     ___FILE_ONLY___ gcloud Preview Commands
2026-08-10 13:26:01,016 INFO     ___FILE_ONLY___  
2026-08-10 13:26:01,016 INFO     ___FILE_ONLY___ │ 
2026-08-10 13:26:01,016 INFO     ___FILE_ONLY___ 2026.07.31
2026-08-10 13:26:01,017 INFO     ___FILE_ONLY___  
2026-08-10 13:26:01,017 INFO     ___FILE_ONLY___ │ 
2026-08-10 13:26:01,017 INFO     ___FILE_ONLY___ < 1 MiB
2026-08-10 13:26:01,017 INFO     ___FILE_ONLY___  
2026-08-10 13:26:01,017 INFO     ___FILE_ONLY___ │
2026-08-10 13:26:01,017 INFO     ___FILE_ONLY___ 

2026-08-10 13:26:01,017 INFO     ___FILE_ONLY___ └─────────────────────────┴────────────┴─────────┘
2026-08-10 13:26:01,018 INFO     ___FILE_ONLY___ 

2026-08-10 13:26:01,018 INFO     ___FILE_ONLY___ 

2026-08-10 13:26:01,019 DEBUG    root            On GCE from memory cache: False
2026-08-10 13:26:01,021 DEBUG    root            On GCE from memory cache: False
2026-08-10 13:26:01,023 DEBUG    urllib3.connectionpool Starting new HTTPS connection (1): dl.google.com:443
2026-08-10 13:26:01,192 DEBUG    urllib3.connectionpool https://dl.google.com:443 "GET /dl/cloudsdk/channels/rapid/RELEASE_NOTES HTTP/1.1" 200 396397
2026-08-10 13:26:02,241 INFO     ___FILE_ONLY___ For the latest full release notes, please visit:
  https://cloud.google.com/sdk/release_notes


2026-08-10 13:26:02,242 INFO     ___FILE_ONLY___ Performing in place update...


2026-08-10 13:26:02,244 INFO     ___FILE_ONLY___ ╔════════════════════════════════════════════════════════════╗

2026-08-10 13:26:02,244 INFO     ___FILE_ONLY___ ╠═ Downloading: gcloud Alpha Commands                       ═╣

2026-08-10 13:26:02,244 INFO     ___FILE_ONLY___ ╚
2026-08-10 13:26:02,246 DEBUG    root            On GCE from memory cache: False
2026-08-10 13:26:02,247 DEBUG    root            On GCE from memory cache: False
2026-08-10 13:26:02,249 DEBUG    urllib3.connectionpool Starting new HTTPS connection (1): dl.google.com:443
2026-08-10 13:26:02,392 DEBUG    urllib3.connectionpool https://dl.google.com:443 "GET /dl/cloudsdk/channels/rapid/components/google-cloud-sdk-alpha-20260731054104.tar.gz HTTP/1.1" 200 761
2026-08-10 13:26:02,393 INFO     ___FILE_ONLY___ ════════════════════════════════════════════════════════════
2026-08-10 13:26:02,394 INFO     ___FILE_ONLY___ ╝

2026-08-10 13:26:02,396 INFO     ___FILE_ONLY___ ╔════════════════════════════════════════════════════════════╗

2026-08-10 13:26:02,396 INFO     ___FILE_ONLY___ ╠═ Downloading: gcloud Beta Commands                        ═╣

2026-08-10 13:26:02,396 INFO     ___FILE_ONLY___ ╚
2026-08-10 13:26:02,397 DEBUG    root            On GCE from memory cache: False
2026-08-10 13:26:02,399 DEBUG    root            On GCE from memory cache: False
2026-08-10 13:26:02,400 DEBUG    urllib3.connectionpool Starting new HTTPS connection (1): dl.google.com:443
2026-08-10 13:26:02,604 DEBUG    urllib3.connectionpool https://dl.google.com:443 "GET /dl/cloudsdk/channels/rapid/components/google-cloud-sdk-beta-20260731054104.tar.gz HTTP/1.1" 200 758
2026-08-10 13:26:02,605 INFO     ___FILE_ONLY___ ════════════════════════════════════════════════════════════
2026-08-10 13:26:02,605 INFO     ___FILE_ONLY___ ╝

2026-08-10 13:26:02,609 INFO     ___FILE_ONLY___ ╔════════════════════════════════════════════════════════════╗

2026-08-10 13:26:02,610 INFO     ___FILE_ONLY___ ╠═ Downloading: gcloud Preview Commands                     ═╣

2026-08-10 13:26:02,610 INFO     ___FILE_ONLY___ ╚
2026-08-10 13:26:02,612 DEBUG    root            On GCE from memory cache: False
2026-08-10 13:26:02,615 DEBUG    root            On GCE from memory cache: False
2026-08-10 13:26:02,617 DEBUG    urllib3.connectionpool Starting new HTTPS connection (1): dl.google.com:443
2026-08-10 13:26:02,950 DEBUG    urllib3.connectionpool https://dl.google.com:443 "GET /dl/cloudsdk/channels/rapid/components/google-cloud-sdk-preview-20260731054104.tar.gz HTTP/1.1" 200 782
2026-08-10 13:26:02,950 INFO     ___FILE_ONLY___ ════════════════════════════════════════════════════════════
2026-08-10 13:26:02,951 INFO     ___FILE_ONLY___ ╝

2026-08-10 13:26:02,954 INFO     ___FILE_ONLY___ ╔════════════════════════════════════════════════════════════╗

2026-08-10 13:26:02,954 INFO     ___FILE_ONLY___ ╠═ Installing: gcloud Alpha Commands                        ═╣

2026-08-10 13:26:02,955 INFO     ___FILE_ONLY___ ╚
2026-08-10 13:26:02,958 INFO     ___FILE_ONLY___ ════════════════════════════════════════════════════════════
2026-08-10 13:26:02,958 INFO     ___FILE_ONLY___ ╝

2026-08-10 13:26:02,968 INFO     ___FILE_ONLY___ ╔════════════════════════════════════════════════════════════╗

2026-08-10 13:26:02,969 INFO     ___FILE_ONLY___ ╠═ Installing: gcloud Beta Commands                         ═╣

2026-08-10 13:26:02,969 INFO     ___FILE_ONLY___ ╚
2026-08-10 13:26:02,971 INFO     ___FILE_ONLY___ ════════════════════════════════════════════════════════════
2026-08-10 13:26:02,972 INFO     ___FILE_ONLY___ ╝

2026-08-10 13:26:02,981 INFO     ___FILE_ONLY___ ╔════════════════════════════════════════════════════════════╗

2026-08-10 13:26:02,982 INFO     ___FILE_ONLY___ ╠═ Installing: gcloud Preview Commands                      ═╣

2026-08-10 13:26:02,983 INFO     ___FILE_ONLY___ ╚
2026-08-10 13:26:02,987 INFO     ___FILE_ONLY___ ════════════════════════════════════════════════════════════
2026-08-10 13:26:02,988 INFO     ___FILE_ONLY___ ╝

2026-08-10 13:26:03,001 DEBUG    root            Updating notification cache...
2026-08-10 13:26:03,002 INFO     ___FILE_ONLY___ 

2026-08-10 13:26:03,006 INFO     ___FILE_ONLY___ Performing post processing steps...
2026-08-10 13:26:03,007 DEBUG    root            Executing command: ['/tools/google-cloud-sdk/bin/gcloud', 'components', 'post-process']
2026-08-10 13:26:18,082 DEBUG    ___FILE_ONLY___ 
2026-08-10 13:26:18,083 DEBUG    ___FILE_ONLY___ 
2026-08-10 13:26:18,293 INFO     root            descriptor_list: [{'universeDomain': 'googleapis.com', 'universeShortName': '', 'authenticationDomain': 'auth.cloud.google.com', 'projectPrefix': '', 'cloudWebDomain': 'cloud.google.com', 'documentationDomain': 'cloud.google.com', 'version': '1.0.0', 'state': 'primary', 'artifactRegistryDomain': 'pkg.dev'}]
2026-08-10 13:26:18,293 INFO     ___FILE_ONLY___ 
Update done!


2026-08-10 13:26:18,296 DEBUG    root            Chosen display Format:none
2026-08-10 13:26:18,296 INFO     root            Display format: "none"
